checking sorting firstSort
checking sorting crossCurrents
checking sorting lastDrops
checking sorting greenArrival
checking sorting tidalPool
checking sorting glassGarden
checking sorting switchback
checking sorting estuary
checking sorting crossingPaths
checking sorting deepCurrent
checking sorting orchard
checking sorting confluence
checking sorting fiveStreams
checking sorting tallOrder
checking sorting sixfold
checking sorting valveCircuit
checking density heavyLanding
density heavyLanding: 2 operations
checking density threeDeep
density threeDeep: 3 operations
checking density shadesOfBlue
density shadesOfBlue: 3 operations
checking density twinColumns
density twinColumns: 4 operations
checking density againstThePour
density againstThePour: 6 operations
checking mixing warmBlend
mixing warmBlend: 4 operations
checking mixing coolBlend
mixing coolBlend: 4 operations
checking mixing violetReaction
mixing violetReaction: 4 operations
checking mixing colorWheel
mixing colorWheel: 12 operations
checking mixing measuredBatch
mixing measuredBatch: 12 operations
checking crossover equalPartners
crossover equalPartners: 6 operations
checking crossover weightedOrange
crossover weightedOrange: 6 operations
checking crossover layerCake
crossover layerCake: 7 operations
checking crossover twinProducts
crossover twinProducts: 12 operations
checking crossover fullSpectrum
crossover fullSpectrum: 11 operations
Keystone model validation passed for 31 levels.
