PASS: idle clock pause, long suspension, exact resume, repeated suspension
PASS: exact reservation, reverse completion and failed earlier reservation
START tick=0 0→1 units=1
START tick=6 4→1 units=1
END tick=240 0→1 failed=false
START tick=246 0→3 units=1
END tick=246 4→1 failed=false
START tick=252 4→3 units=1
END tick=509 0→3 failed=false
START tick=510 0→5 units=1
END tick=514 4→3 failed=false
START tick=516 2→5 units=1
END tick=778 2→5 failed=false
START tick=780 1→4 units=2
END tick=785 0→5 failed=false
START tick=786 2→3 units=1
END tick=1060 2→3 failed=false
START tick=1062 2→5 units=2
END tick=1085 1→4 failed=false
START tick=1086 4→0 units=3
END tick=1366 2→5 failed=false
END tick=1372 4→0 failed=false
START tick=1374 3→4 units=3
END tick=1683 3→4 failed=false
START tick=1686 0→1 units=1
START tick=1692 4→1 units=1
END tick=1926 0→1 failed=false
START tick=1932 0→3 units=1
END tick=1932 4→1 failed=false
START tick=1938 4→3 units=1
END tick=2193 0→3 failed=false
START tick=2196 0→5 units=1
END tick=2198 4→3 failed=false
START tick=2202 2→5 units=1
END tick=2464 2→5 failed=false
START tick=2466 1→4 units=2
END tick=2472 0→5 failed=false
START tick=2478 2→3 units=1
END tick=2752 2→3 failed=false
START tick=2754 2→5 units=2
END tick=2771 1→4 failed=false
START tick=2772 4→0 units=3
END tick=3058 2→5 failed=false
END tick=3058 4→0 failed=false
START tick=3060 3→4 units=3
END tick=3368 3→4 failed=false
PASS: two autoplay solutions fluid
