PASS: idle clock pause, long suspension, exact resume, repeated suspension
PASS: exact reservation, reverse completion and failed earlier reservation
START tick=0 0→1 units=1
START tick=6 4→1 units=1
END tick=202 0→1 failed=false 
START tick=204 0→3 units=1
END tick=208 4→1 failed=false 
START tick=210 4→3 units=1
END tick=421 0→3 failed=false 
START tick=426 0→5 units=1
END tick=426 4→3 failed=false 
START tick=432 2→5 units=1
END tick=636 2→5 failed=false 
START tick=642 1→4 units=2
END tick=651 0→5 failed=false 
START tick=654 2→3 units=1
END tick=868 2→3 failed=false 
START tick=870 2→5 units=2
END tick=886 1→4 failed=false 
START tick=888 4→0 units=3
END tick=1110 2→5 failed=false 
END tick=1117 4→0 failed=false 
START tick=1122 3→4 units=3
END tick=1365 3→4 failed=false 
START tick=1368 0→1 units=1
START tick=1374 4→1 units=1
END tick=1570 0→1 failed=false 
START tick=1572 0→3 units=1
END tick=1576 4→1 failed=false 
START tick=1578 4→3 units=1
END tick=1789 0→3 failed=false 
START tick=1794 0→5 units=1
END tick=1794 4→3 failed=false 
START tick=1800 2→5 units=1
END tick=2004 2→5 failed=false 
START tick=2010 1→4 units=2
END tick=2019 0→5 failed=false 
START tick=2022 2→3 units=1
END tick=2236 2→3 failed=false 
START tick=2238 2→5 units=2
END tick=2254 1→4 failed=false 
START tick=2256 4→0 units=3
END tick=2478 2→5 failed=false 
END tick=2485 4→0 failed=false 
START tick=2490 3→4 units=3
END tick=2733 3→4 failed=false 
PASS: two autoplay solutions fluid2D
