PASS: idle clock pause, long suspension, exact resume, repeated suspension
PASS: exact reservation, reverse completion and failed earlier reservation
START tick=0 0→1 units=1
START tick=6 4→1 units=1
END tick=235 0→1 failed=false 
START tick=240 0→3 units=1
END tick=240 4→1 failed=false 
START tick=246 4→3 units=1
END tick=495 0→3 failed=false 
START tick=498 0→5 units=1
END tick=500 4→3 failed=false 
START tick=504 2→5 units=1
END tick=759 2→5 failed=false 
START tick=762 1→4 units=2
END tick=771 0→5 failed=false 
START tick=774 2→3 units=1
END tick=1047 2→3 failed=false 
START tick=1050 2→5 units=2
END tick=1062 1→4 failed=false 
START tick=1068 4→0 units=3
END tick=1347 4→0 failed=false 
START tick=1350 3→4 units=3
END tick=1355 2→5 failed=false 
END tick=1653 3→4 failed=false 
START tick=1656 0→1 units=1
START tick=1662 4→1 units=1
END tick=1891 0→1 failed=false 
START tick=1896 0→3 units=1
END tick=1896 4→1 failed=false 
START tick=1902 4→3 units=1
END tick=2150 0→3 failed=false 
START tick=2154 0→5 units=1
END tick=2156 4→3 failed=false 
START tick=2160 2→5 units=1
END tick=2414 2→5 failed=false 
START tick=2418 1→4 units=2
END tick=2424 0→5 failed=false 
START tick=2430 2→3 units=1
END tick=2703 2→3 failed=false 
START tick=2706 2→5 units=2
END tick=2717 1→4 failed=false 
START tick=2718 4→0 units=3
END tick=3001 4→0 failed=false 
START tick=3006 3→4 units=3
END tick=3011 2→5 failed=false 
END tick=3309 3→4 failed=false 
PASS: two autoplay solutions fluid
